[www.profitigniter.net/pages/billionairej3.html]
[cdn.shopify.com/s/files/1/0367/6756/3907/files/profit_igniter_favicon_192x1921c6b.png]
[backblue.gif]
[fade.gif]
[index.html]
[cdn.shopify.com/s/files/1/0367/6756/3907/t/3/assets/theme.scss684c.css]
[use.fontawesome.com/releases/v5.7.2/css/all.css]
[cdn.shopify.com/s/files/1/0367/6756/3907/t/3/assets/jquery-2.2.3.min4dfb.js]
[cdn.shopify.com/s/files/1/0367/6756/3907/t/3/assets/lazysizes.min3ddb.js]
[www.profitigniter.net/pages/POST]
[cdn.shopify.com/s/files/1/0367/6756/3907/t/3/assets/theme16ce.js]
[cdn.shopify.com/s/trekkie.storefront.e9fb414efbf62821c8142147d3a0db08586244d5.min.js]
[cdn.shopify.com/shopifycloud/shopify/assets/shop_events_listener-68ba3f1321f00bf07cb78a03841621079812265e950cdccade3463749ea2705e.js]
[cdn.shopify.com/shopifycloud/boomerang/shopify-boomerang-1.0.0.min.js]
[cdn.shopify.com/shopifycloud/storefront-recaptcha-v3/v0.1/index.js]
[cdn.shopify.com/shopifycloud/shopify/assets/storefront/load_feature-24ff1222c9aa13bb217653c0d3ea28c40a796a280e6da29ad421eec2a6075c86.js]
[cdn.shopify.com/shopifycloud/shopify/assets/storefront/features-87e8399988880142f2c62771b9d8f2ff6c290b3ff745dd426eb0dfe0db9d1dae.js]
[cdn.shopify.com/s/files/1/0367/6756/3907/t/3/assets/modernizr.min043f.js]
[cdn.pagefly.io/pagefly/2.15.4/css/main-styled15a.css]
[cdn.shopify.com/s/files/1/0367/6756/3907/t/3/assets/pagefly.02dbd3438a80.css]
[gtranslate.io/shopify/assets/flags/24/en-us.png]
[ajax.googleapis.com/ajax/libs/jquery/1.12.4/jquery.min.js]
[translate.google.com/translate_a/element.147876.delayed]
[cdn.shopify.com/s/files/1/0367/6756/3907/t/4/assets/pf-0a87845d--1_400x3000c5bf.png]
[cdn.shopify.com/s/files/1/0367/6756/3907/t/4/assets/pf-0a87845d--1c5bf.png]
[cdn.shopify.com/s/files/1/0367/6756/3907/t/4/assets/pf-845d92e5--3_400x3000f7a4.png]
[cdn.shopify.com/s/files/1/0367/6756/3907/t/4/assets/pf-845d92e5--3f7a4.png]
[cdn.shopify.com/s/files/1/0367/6756/3907/t/4/assets/pf-87845d92--2_400x30008719.png]
[cdn.shopify.com/s/files/1/0367/6756/3907/t/4/assets/pf-87845d92--28719.png]
[cdn.shopify.com/s/files/1/0367/6756/3907/t/4/assets/pf-5d92e585--4_400x30002f80.png]
[cdn.shopify.com/s/files/1/0367/6756/3907/t/4/assets/pf-5d92e585--42f80.png]
[cdn.shopify.com/s/files/1/0367/6756/3907/t/4/assets/pf-04be0c7b--1_400x30007135.png]
[cdn.shopify.com/s/files/1/0367/6756/3907/t/4/assets/pf-04be0c7b--17135.png]
[cdn.shopify.com/s/files/1/0367/6756/3907/t/4/assets/pf-be0c7b74--2_400x30000bba.png]
[cdn.shopify.com/s/files/1/0367/6756/3907/t/4/assets/pf-be0c7b74--20bba.png]
[cdn.shopify.com/s/files/1/0367/6756/3907/t/4/assets/pf-0c7b7461--3_400x30007a7d.png]
[cdn.shopify.com/s/files/1/0367/6756/3907/t/4/assets/pf-0c7b7461--37a7d.png]
[cdn.shopify.com/s/files/1/0367/6756/3907/t/4/assets/pf-7b746156--4_400x30006863.png]
[cdn.shopify.com/s/files/1/0367/6756/3907/t/4/assets/pf-7b746156--46863.png]
[cdn.shopify.com/s/files/1/0367/6756/3907/t/4/assets/pf-2aa41635--10d28.png]
[cdn.shopify.com/s/files/1/0367/6756/3907/t/4/assets/pf-a4163575--2f910.png]
[cdn.shopify.com/s/files/1/0367/6756/3907/t/4/assets/pf-163575b4--3389e.png]
[cdn.shopify.com/s/files/1/0367/6756/3907/t/4/assets/pf-3575b466--4774f.png]
[cdn.shopify.com/s/files/1/0367/6756/3907/t/4/assets/pf-75b46624--5490d.png]
[cdn.shopify.com/s/files/1/0367/6756/3907/t/4/assets/pf-b46624ef--67170.png]
[cdn.shopify.com/s/files/1/0367/6756/3907/t/4/assets/pf-42938dce--1_400x3000bde8.png]
[cdn.shopify.com/s/files/1/0367/6756/3907/t/4/assets/pf-42938dce--1bde8.png]
[www.profitigniter.net/pages/m.me/joseph.muasya.2d.delayed]
[cdn.shopify.com/s/files/1/0367/6756/3907/t/4/assets/pf-938dcecf--2_400x3000d376.png]
[cdn.shopify.com/s/files/1/0367/6756/3907/t/4/assets/pf-938dcecf--2d376.png]
[cdn.shopify.com/s/files/1/0367/6756/3907/t/4/assets/pf-8dcecf4c--3_400x30003b14.png]
[cdn.shopify.com/s/files/1/0367/6756/3907/t/4/assets/pf-8dcecf4c--33b14.png]
[www.profitigniter.net/pages/billionairej3.html]
[cdn.shopify.com/s/files/1/0367/6756/3907/t/3/assets/icons.330613.delayed]
[cdn.pagefly.io/pagefly/2.15.4/core/helperd15a.js]
[cdn.shopify.com/s/files/1/0367/6756/3907/t/3/assets/icons0613.woff]
[cdn.shopify.com/s/files/1/0367/6756/3907/t/3/assets/icons0613.ttf]
[cdn.shopify.com/s/files/1/0367/6756/3907/t/3/assets/icons0613.svg]
[cdn.shopify.com/s/files/1/0367/6756/3907/t/3/assets/ico-select06f2.svg]
[cdn.shopify.com/s/files/1/0367/6756/3907/t/3/assets/ico-select-custom4e87.svg]
[cdn.shopify.com/s/files/1/0367/6756/3907/t/3/assets/theme.scss684c.css]
[use.fontawesome.com/releases/v5.7.2/css/all.css]
[www.profitigniter.net/pages/POST.html]
[cdn.pagefly.io/pagefly/2.15.4/css/main-styled15a.css]
[cdn.shopify.com/s/files/1/0367/6756/3907/t/4/assets/pf-c152637c--brokers-jpgbd17.jpg]
[cdn.shopify.com/s/files/1/0367/6756/3907/t/3/assets/pagefly.02dbd3438a80.css]
[translate.google.com/translate_a/element7876.html]
[www.profitigniter.net/pages/m.me/joseph.muasya.html]
[cdn.shopify.com/s/files/1/0367/6756/3907/t/3/assets/icons0613.html]
[cdn.shopify.com/s/files/1/0367/6756/3907/t/3/assets/icons0613-2.html]
[cdn.shopify.com/s/files/1/0367/6756/3907/t/3/assets/icons0613-3.html]
[cdn.shopify.com/s/files/1/0367/6756/3907/t/3/assets/icons0613-4.html]
[cdn.shopify.com/s/files/1/0367/6756/3907/t/3/assets/ico-select06f2.svg]
[cdn.shopify.com/s/files/1/0367/6756/3907/t/3/assets/ico-select-custom4e87.svg]
